Refreshing run status every 3 seconds. Press Ctrl+C to quit.

* main Deploy site to GitHub Pages · 37938175285
Triggered via workflow_dispatch less than a minute ago

JOBS
* deploy (ID 113845453445)
  ✓ Set up job
  ✓ Run actions/checkout@v4
  ✓ Run actions/setup-python@v5
  ✓ Run pip install markdown
  ✓ Run python -I scripts/build_site.py
  ✓ Run actions/configure-pages@v5
  ✓ Run actions/upload-pages-artifact@v3
  ✓ Run actions/deploy-pages@v4
  * Post Run actions/setup-python@v5
  * Post Run actions/checkout@v4
✓ main Deploy site to GitHub Pages · 37938175285
Triggered via workflow_dispatch less than a minute ago

JOBS
✓ deploy in 18s (ID 113845453445)
  ✓ Set up job
  ✓ Run actions/checkout@v4
  ✓ Run actions/setup-python@v5
  ✓ Run pip install markdown
  ✓ Run python -I scripts/build_site.py
  ✓ Run actions/configure-pages@v5
  ✓ Run actions/upload-pages-artifact@v3
  ✓ Run actions/deploy-pages@v4
  ✓ Post Run actions/setup-python@v5
  ✓ Post Run actions/checkout@v4
  ✓ Complete job

ANNOTATIONS
! Node.js 20 is deprecated. The following actions target Node.js 20 but are being forced to run on Node.js 24: actions/checkout@v4, actions/configure-pages@v5, actions/deploy-pages@v4, actions/setup-python@v5, actions/upload-artifact@v4. For more information see: https://github.blog/changelog/2025-09-19-deprecation-of-node-20-on-github-actions-runners/
deploy: .github#4

- "The ubuntu-latest label will migrate to Ubuntu 26 beginning October 19, 2026. For more information, see https://github.com/actions/runner-images/issues/14748"
deploy: .github#1

